
Allocating common symbols
Common symbol       size              file

DispContants        0x4               .\objs\cMain.o
msTicks             0x4               .\objs\cMain.o

Discarded input sections

 .text          0x00000000       0x90 .\objs\c_stm32f4xx_syscfg.o
 .data          0x00000000        0x0 .\objs\c_stm32f4xx_syscfg.o
 .bss           0x00000000        0x0 .\objs\c_stm32f4xx_syscfg.o
 .data          0x00000000        0x0 .\objs\c_stm32f4xx_gpio.o
 .bss           0x00000000        0x0 .\objs\c_stm32f4xx_gpio.o
 .data          0x00000000        0x0 .\objs\c_stm32f4xx_exti.o
 .bss           0x00000000        0x0 .\objs\c_stm32f4xx_exti.o
 .bss           0x00000000        0x0 .\objs\c_stm32f4xx_rcc.o
 .text          0x00000000       0xf4 .\objs\c_misc.o
 .data          0x00000000        0x0 .\objs\c_misc.o
 .bss           0x00000000        0x0 .\objs\c_misc.o
 .data          0x00000000        0x0 .\objs\cST_LED.o
 .bss           0x00000000        0x0 .\objs\cST_LED.o
 .rodata        0x00000000       0x10 .\objs\cST_LED.o
 .data          0x00000000        0x0 .\objs\aTIM.o
 .bss           0x00000000        0x0 .\objs\aTIM.o
 .text          0x00000000        0x0 .\objs\aST_P24_LED.o
 .data          0x00000000        0x0 .\objs\aST_P24_LED.o
 .bss           0x00000000        0x0 .\objs\aST_P24_LED.o
 .data          0x00000000        0x0 .\objs\aST_P24_DISPLAY.o
 .bss           0x00000000        0x0 .\objs\aST_P24_DISPLAY.o
 .data          0x00000000        0x0 .\objs\aST_P24_SWITCH.o
 .bss           0x00000000        0x0 .\objs\aST_P24_SWITCH.o
 .data          0x00000000        0x0 .\objs\aST_BTN.o
 .bss           0x00000000        0x0 .\objs\aST_BTN.o
 .data          0x00000000        0x0 .\objs\aST_LED.o
 .bss           0x00000000        0x0 .\objs\aST_LED.o
 .text          0x00000000      0x818 .\objs\aGPIO.o
 .data          0x00000000        0x0 .\objs\aGPIO.o
 .bss           0x00000000        0x0 .\objs\aGPIO.o
 .bss           0x00000000        0x0 .\objs\system_stm32f4xx.o
 .data          0x00000000        0x0 .\objs\aStartup.o
 .bss           0x00000000        0x0 .\objs\aStartup.o

Memory Configuration

Name             Origin             Length             Attributes
*default*        0x00000000         0xffffffff

Linker script and memory map


.flash          0x08000000     0x25a2
 *(.isr_vector)
 .isr_vector    0x08000000      0x19c .\objs\aStartup.o
 *(.text .text.*)
 .text          0x0800019c      0x2cc .\objs\c_stm32f4xx_gpio.o
                0x0800019c                GPIO_DeInit
                0x080002f4                GPIO_Init
                0x080003b0                GPIO_StructInit
                0x080003c4                GPIO_PinLockConfig
                0x080003e8                GPIO_ReadInputDataBit
                0x080003f4                GPIO_ReadInputData
                0x080003fc                GPIO_ReadOutputDataBit
                0x08000408                GPIO_ReadOutputData
                0x08000410                GPIO_SetBits
                0x08000414                GPIO_ResetBits
                0x08000418                GPIO_WriteBit
                0x08000424                GPIO_Write
                0x08000428                GPIO_ToggleBits
                0x08000430                GPIO_PinAFConfig
 .text          0x08000468      0x124 .\objs\c_stm32f4xx_exti.o
                0x08000468                EXTI_DeInit
                0x08000488                EXTI_Init
                0x0800051c                EXTI_StructInit
                0x08000530                EXTI_GenerateSWInterrupt
                0x08000540                EXTI_GetFlagStatus
                0x08000554                EXTI_ClearFlag
                0x08000560                EXTI_GetITStatus
                0x08000580                EXTI_ClearITPendingBit
 .text          0x0800058c      0x5c8 .\objs\c_stm32f4xx_rcc.o
                0x0800058c                RCC_DeInit
                0x080005c4                RCC_HSEConfig
                0x080005d8                RCC_AdjustHSICalibrationValue
                0x080005f0                RCC_HSICmd
                0x080005fc                RCC_LSEConfig
                0x08000638                RCC_LSICmd
                0x08000644                RCC_PLLConfig
                0x08000668                RCC_PLLCmd
                0x08000674                RCC_PLLI2SConfig
                0x0800068c                RCC_PLLI2SCmd
                0x08000698                RCC_ClockSecuritySystemCmd
                0x080006a4                RCC_MCO1Config
                0x080006bc                RCC_MCO2Config
                0x080006d4                RCC_SYSCLKConfig
                0x080006e8                RCC_GetSYSCLKSource
                0x080006f8                RCC_HCLKConfig
                0x0800070c                RCC_PCLK1Config
                0x08000720                RCC_PCLK2Config
                0x08000738                RCC_GetClocksFreq
                0x08000810                RCC_RTCCLKConfig
                0x0800084c                RCC_RTCCLKCmd
                0x08000858                RCC_BackupResetCmd
                0x08000864                RCC_I2SCLKConfig
                0x08000870                RCC_AHB1PeriphClockCmd
                0x08000894                RCC_AHB2PeriphClockCmd
                0x080008b8                RCC_AHB3PeriphClockCmd
                0x080008dc                RCC_APB1PeriphClockCmd
                0x08000900                RCC_APB2PeriphClockCmd
                0x08000924                RCC_AHB1PeriphResetCmd
                0x08000948                RCC_AHB2PeriphResetCmd
                0x0800096c                RCC_AHB3PeriphResetCmd
                0x08000990                RCC_APB1PeriphResetCmd
                0x080009b4                RCC_APB2PeriphResetCmd
                0x080009d8                RCC_AHB1PeriphClockLPModeCmd
                0x080009fc                RCC_AHB2PeriphClockLPModeCmd
                0x08000a20                RCC_AHB3PeriphClockLPModeCmd
                0x08000a44                RCC_APB1PeriphClockLPModeCmd
                0x08000a68                RCC_APB2PeriphClockLPModeCmd
                0x08000a8c                RCC_ITConfig
                0x08000ab0                RCC_GetFlagStatus
                0x08000ae4                RCC_WaitForHSEStartUp
                0x08000b20                RCC_ClearFlag
                0x08000b34                RCC_GetITStatus
                0x08000b48                RCC_ClearITPendingBit
 .text          0x08000b54       0xd0 .\objs\cST_LED.o
                0x08000b54                LED_Init
                0x08000ba8                LED_On
                0x08000bd0                LED_Off
                0x08000bf8                LED_Out
 .text          0x08000c24       0x64 .\objs\aTIM.o
                0x08000c24                TIM2_Init
                0x08000c38                TIM2_Config
                0x08000c44                TIM2_Start
 .text          0x08000c88      0xdec .\objs\aST_P24_DISPLAY.o
                0x08000c88                ST_P24_Display_On
                0x08000c9e                ST_P24_Display_Off
                0x08000cb4                ST_P24_Display_SetChar
                0x080014fc                ST_P24_Display_SlctSeg
                0x08001702                ST_P24_DisplayIni
 *fill*         0x08001a74        0xc 00
 .text          0x08001a80      0x3d0 .\objs\aST_P24_SWITCH.o
                0x08001a80                ST_P24SWITCH_init
                0x08001cbc                ST_P24_GetSwitch
 .text          0x08001e50       0x50 .\objs\aST_BTN.o
                0x08001e50                ST_BTN_init
                0x08001e8a                ST_BTN_Get
 .text          0x08001ea0      0x1e0 .\objs\aST_LED.o
                0x08001ea0                ST_LED0_On
                0x08001eb0                ST_LED1_On
                0x08001ec0                ST_LED2_On
                0x08001ed0                ST_LED3_On
                0x08001ee0                ST_LED0_Off
                0x08001ef0                ST_LED1_Off
                0x08001f00                ST_LED2_Off
                0x08001f10                ST_LED3_Off
                0x08001f20                ST_LED_init
 .text          0x08002080      0x2bc .\objs\cMain.o
                0x08002080                ST_P24_DisplayUpdate
                0x080020b8                ST_P24_LED_On_G
                0x080020bc                Delay
                0x080020cc                Conver_Int2Array
                0x08002100                main
                0x0800229c                SysTick_Handler
                0x080022b0                TIM2_IRQHandler
                0x080022f0                EXTI15_10_IRQHandler
 .text          0x0800233c      0x214 .\objs\system_stm32f4xx.o
                0x0800233c                SystemInit
                0x08002474                SystemCoreClockUpdate
 .text          0x08002550       0x52 .\objs\aStartup.o
                0x08002550                Reset_Handler
                0x080025a0                HASH_RNG_IRQHandler
                0x080025a0                EXTI2_IRQHandler
                0x080025a0                TIM8_CC_IRQHandler
                0x080025a0                DebugMon_Handler
                0x080025a0                UART8_IRQHandler
                0x080025a0                SPI4_IRQHandler
                0x080025a0                TIM1_CC_IRQHandler
                0x080025a0                DMA2_Stream5_IRQHandler
                0x080025a0                HardFault_Handler
                0x080025a0                DMA1_Stream5_IRQHandler
                0x080025a0                PVD_IRQHandler
                0x080025a0                SDIO_IRQHandler
                0x080025a0                TAMP_STAMP_IRQHandler
                0x080025a0                PendSV_Handler
                0x080025a0                NMI_Handler
                0x080025a0                CAN2_RX1_IRQHandler
                0x080025a0                EXTI3_IRQHandler
                0x080025a0                TIM8_TRG_COM_TIM14_IRQHandler
                0x080025a0                TIM1_UP_TIM10_IRQHandler
                0x080025a0                TIM8_UP_TIM13_IRQHandler
                0x080025a0                I2C3_ER_IRQHandler
                0x080025a0                EXTI0_IRQHandler
                0x080025a0                I2C2_EV_IRQHandler
                0x080025a0                DMA1_Stream2_IRQHandler
                0x080025a0                CAN1_RX0_IRQHandler
                0x080025a0                FPU_IRQHandler
                0x080025a0                OTG_HS_WKUP_IRQHandler
                0x080025a0                UsageFault_Handler
                0x080025a0                CAN2_SCE_IRQHandler
                0x080025a0                DMA2_Stream2_IRQHandler
                0x080025a0                SPI1_IRQHandler
                0x080025a0                TIM6_DAC_IRQHandler
                0x080025a0                TIM1_BRK_TIM9_IRQHandler
                0x080025a0                DCMI_IRQHandler
                0x080025a0                CAN2_RX0_IRQHandler
                0x080025a0                DMA2_Stream3_IRQHandler
                0x080025a0                USART6_IRQHandler
                0x080025a0                USART3_IRQHandler
                0x080025a0                CRYP_IRQHandler
                0x080025a0                RTC_Alarm_IRQHandler
                0x080025a0                CAN1_RX1_IRQHandler
                0x080025a0                UART5_IRQHandler
                0x080025a0                DMA2_Stream0_IRQHandler
                0x080025a0                TIM4_IRQHandler
                0x080025a0                I2C1_EV_IRQHandler
                0x080025a0                DMA1_Stream6_IRQHandler
                0x080025a0                DMA1_Stream1_IRQHandler
                0x080025a0                UART4_IRQHandler
                0x080025a0                TIM3_IRQHandler
                0x080025a0                RCC_IRQHandler
                0x080025a0                TIM8_BRK_TIM12_IRQHandler
                0x080025a0                ADC_IRQHandler
                0x080025a0                DMA1_Stream7_IRQHandler
                0x080025a0                SPI5_IRQHandler
                0x080025a0                TIM7_IRQHandler
                0x080025a0                CAN2_TX_IRQHandler
                0x080025a0                TIM5_IRQHandler
                0x080025a0                DMA2_Stream7_IRQHandler
                0x080025a0                I2C3_EV_IRQHandler
                0x080025a0                EXTI9_5_IRQHandler
                0x080025a0                RTC_WKUP_IRQHandler
                0x080025a0                ETH_WKUP_IRQHandler
                0x080025a0                SPI2_IRQHandler
                0x080025a0                OTG_HS_EP1_IN_IRQHandler
                0x080025a0                MemManage_Handler
                0x080025a0                DMA1_Stream0_IRQHandler
                0x080025a0                CAN1_TX_IRQHandler
                0x080025a0                SVC_Handler
                0x080025a0                EXTI4_IRQHandler
                0x080025a0                FSMC_IRQHandler
                0x080025a0                ETH_IRQHandler
                0x080025a0                OTG_HS_EP1_OUT_IRQHandler
                0x080025a0                WWDG_IRQHandler
                0x080025a0                SPI6_IRQHandler
                0x080025a0                OTG_FS_WKUP_IRQHandler
                0x080025a0                TIM1_TRG_COM_TIM11_IRQHandler
                0x080025a0                OTG_HS_IRQHandler
                0x080025a0                EXTI1_IRQHandler
                0x080025a0                UART7_IRQHandler
                0x080025a0                USART2_IRQHandler
                0x080025a0                I2C2_ER_IRQHandler
                0x080025a0                DMA2_Stream1_IRQHandler
                0x080025a0                CAN1_SCE_IRQHandler
                0x080025a0                FLASH_IRQHandler
                0x080025a0                DMA2_Stream4_IRQHandler
                0x080025a0                BusFault_Handler
                0x080025a0                USART1_IRQHandler
                0x080025a0                OTG_FS_IRQHandler
                0x080025a0                SPI3_IRQHandler
                0x080025a0                DMA1_Stream4_IRQHandler
                0x080025a0                I2C1_ER_IRQHandler
                0x080025a0                DMA2_Stream6_IRQHandler
                0x080025a0                DMA1_Stream3_IRQHandler
 *(.rodata .rodata.*)
                0x080025a2                __sidata = .

.glue_7         0x080025a4        0x0 load address 0x080025a2
 .glue_7        0x00000000        0x0 linker stubs

.glue_7t        0x080025a4        0x0 load address 0x080025a2
 .glue_7t       0x00000000        0x0 linker stubs

.vfp11_veneer   0x080025a4        0x0 load address 0x080025a2
 .vfp11_veneer  0x00000000        0x0 linker stubs

.v4_bx          0x080025a4        0x0 load address 0x080025a2
 .v4_bx         0x00000000        0x0 linker stubs

.data_at_ram    0x20000000       0x38 load address 0x080025a2
                0x20000000                __sdata = .
 *(.data .data.*)
 .data          0x20000000       0x10 .\objs\c_stm32f4xx_rcc.o
 .data          0x20000010       0x10 .\objs\cMain.o
                0x20000010                freq_arr
 .data          0x20000020       0x14 .\objs\system_stm32f4xx.o
                0x20000020                SystemCoreClock
                0x20000024                AHBPrescTable
                0x20000034                __edata = .
                0x20000034                __sbss = .
 *(.bss .bss.*)
 .bss           0x20000034        0x4 .\objs\cMain.o
                0x20000038                __ebss = .
                0x20020000                _stack_start = 0x20020000
LOAD .\objs\c_stm32f4xx_syscfg.o
LOAD .\objs\c_stm32f4xx_gpio.o
LOAD .\objs\c_stm32f4xx_exti.o
LOAD .\objs\c_stm32f4xx_rcc.o
LOAD .\objs\c_misc.o
LOAD .\objs\cST_LED.o
LOAD .\objs\aTIM.o
LOAD .\objs\aST_P24_LED.o
LOAD .\objs\aST_P24_DISPLAY.o
LOAD .\objs\aST_P24_SWITCH.o
LOAD .\objs\aST_BTN.o
LOAD .\objs\aST_LED.o
LOAD .\objs\aGPIO.o
LOAD .\objs\cMain.o
LOAD .\objs\system_stm32f4xx.o
LOAD .\objs\aStartup.o
LOAD C:\yagarto\lib\gcc\arm-none-eabi\4.6.2\thumb\v7m\libgcc.a
START GROUP
LOAD C:\yagarto\lib\gcc\arm-none-eabi\4.6.2\thumb\v7m\libgcc.a
LOAD c:/yagarto/bin/../lib/gcc/arm-none-eabi/4.6.2/../../../../arm-none-eabi/lib\libg.a
LOAD c:/yagarto/bin/../lib/gcc/arm-none-eabi/4.6.2/../../../../arm-none-eabi/lib\libc.a
END GROUP
OUTPUT(Blinky.elf elf32-littlearm)

.debug_info     0x00000000     0x42d3
 .debug_info    0x00000000      0x275 .\objs\c_stm32f4xx_syscfg.o
 .debug_info    0x00000275      0x62b .\objs\c_stm32f4xx_gpio.o
 .debug_info    0x000008a0      0x36e .\objs\c_stm32f4xx_exti.o
 .debug_info    0x00000c0e      0xd0d .\objs\c_stm32f4xx_rcc.o
 .debug_info    0x0000191b      0x596 .\objs\c_misc.o
 .debug_info    0x00001eb1      0x415 .\objs\cST_LED.o
 .debug_info    0x000022c6      0x908 .\objs\aTIM.o
 .debug_info    0x00002bce       0x85 .\objs\aST_P24_DISPLAY.o
 .debug_info    0x00002c53       0x84 .\objs\aST_P24_SWITCH.o
 .debug_info    0x00002cd7       0x7d .\objs\aST_BTN.o
 .debug_info    0x00002d54       0x7d .\objs\aST_LED.o
 .debug_info    0x00002dd1       0x79 .\objs\aGPIO.o
 .debug_info    0x00002e4a      0xdbe .\objs\cMain.o
 .debug_info    0x00003c08      0x641 .\objs\system_stm32f4xx.o
 .debug_info    0x00004249       0x8a .\objs\aStartup.o

.debug_abbrev   0x00000000      0xefc
 .debug_abbrev  0x00000000      0x150 .\objs\c_stm32f4xx_syscfg.o
 .debug_abbrev  0x00000150      0x1ce .\objs\c_stm32f4xx_gpio.o
 .debug_abbrev  0x0000031e      0x1cd .\objs\c_stm32f4xx_exti.o
 .debug_abbrev  0x000004eb      0x1f6 .\objs\c_stm32f4xx_rcc.o
 .debug_abbrev  0x000006e1      0x14c .\objs\c_misc.o
 .debug_abbrev  0x0000082d      0x10a .\objs\cST_LED.o
 .debug_abbrev  0x00000937      0x147 .\objs\aTIM.o
 .debug_abbrev  0x00000a7e       0x14 .\objs\aST_P24_DISPLAY.o
 .debug_abbrev  0x00000a92       0x14 .\objs\aST_P24_SWITCH.o
 .debug_abbrev  0x00000aa6       0x14 .\objs\aST_BTN.o
 .debug_abbrev  0x00000aba       0x14 .\objs\aST_LED.o
 .debug_abbrev  0x00000ace       0x14 .\objs\aGPIO.o
 .debug_abbrev  0x00000ae2      0x29a .\objs\cMain.o
 .debug_abbrev  0x00000d7c      0x16c .\objs\system_stm32f4xx.o
 .debug_abbrev  0x00000ee8       0x14 .\objs\aStartup.o

.debug_loc      0x00000000     0x11c0
 .debug_loc     0x00000000       0x9d .\objs\c_stm32f4xx_syscfg.o
 .debug_loc     0x0000009d      0x280 .\objs\c_stm32f4xx_gpio.o
 .debug_loc     0x0000031d      0x174 .\objs\c_stm32f4xx_exti.o
 .debug_loc     0x00000491      0x770 .\objs\c_stm32f4xx_rcc.o
 .debug_loc     0x00000c01      0x143 .\objs\c_misc.o
 .debug_loc     0x00000d44      0x105 .\objs\cST_LED.o
 .debug_loc     0x00000e49       0x13 .\objs\aTIM.o
 .debug_loc     0x00000e5c      0x1ca .\objs\cMain.o
 .debug_loc     0x00001026      0x19a .\objs\system_stm32f4xx.o

.debug_aranges  0x00000000      0x1e0
 .debug_aranges
                0x00000000       0x20 .\objs\c_stm32f4xx_syscfg.o
 .debug_aranges
                0x00000020       0x20 .\objs\c_stm32f4xx_gpio.o
 .debug_aranges
                0x00000040       0x20 .\objs\c_stm32f4xx_exti.o
 .debug_aranges
                0x00000060       0x20 .\objs\c_stm32f4xx_rcc.o
 .debug_aranges
                0x00000080       0x20 .\objs\c_misc.o
 .debug_aranges
                0x000000a0       0x20 .\objs\cST_LED.o
 .debug_aranges
                0x000000c0       0x20 .\objs\aTIM.o
 .debug_aranges
                0x000000e0       0x20 .\objs\aST_P24_DISPLAY.o
 .debug_aranges
                0x00000100       0x20 .\objs\aST_P24_SWITCH.o
 .debug_aranges
                0x00000120       0x20 .\objs\aST_BTN.o
 .debug_aranges
                0x00000140       0x20 .\objs\aST_LED.o
 .debug_aranges
                0x00000160       0x20 .\objs\aGPIO.o
 .debug_aranges
                0x00000180       0x20 .\objs\cMain.o
 .debug_aranges
                0x000001a0       0x20 .\objs\system_stm32f4xx.o
 .debug_aranges
                0x000001c0       0x20 .\objs\aStartup.o

.debug_line     0x00000000     0x158f
 .debug_line    0x00000000      0x14b .\objs\c_stm32f4xx_syscfg.o
 .debug_line    0x0000014b      0x1f9 .\objs\c_stm32f4xx_gpio.o
 .debug_line    0x00000344      0x1c1 .\objs\c_stm32f4xx_exti.o
 .debug_line    0x00000505      0x2c3 .\objs\c_stm32f4xx_rcc.o
 .debug_line    0x000007c8      0x186 .\objs\c_misc.o
 .debug_line    0x0000094e      0x11b .\objs\cST_LED.o
 .debug_line    0x00000a69      0x10d .\objs\aTIM.o
 .debug_line    0x00000b76      0x2c6 .\objs\aST_P24_DISPLAY.o
 .debug_line    0x00000e3c      0x174 .\objs\aST_P24_SWITCH.o
 .debug_line    0x00000fb0       0x65 .\objs\aST_BTN.o
 .debug_line    0x00001015       0xec .\objs\aST_LED.o
 .debug_line    0x00001101       0xb0 .\objs\aGPIO.o
 .debug_line    0x000011b1      0x212 .\objs\cMain.o
 .debug_line    0x000013c3      0x157 .\objs\system_stm32f4xx.o
 .debug_line    0x0000151a       0x75 .\objs\aStartup.o

.debug_str      0x00000000     0x17b4
 .debug_str     0x00000000      0x246 .\objs\c_stm32f4xx_syscfg.o
                                0x293 (size before relaxing)
 .debug_str     0x00000246      0x328 .\objs\c_stm32f4xx_gpio.o
                                0x437 (size before relaxing)
 .debug_str     0x0000056e      0x1d7 .\objs\c_stm32f4xx_exti.o
                                0x302 (size before relaxing)
 .debug_str     0x00000745      0x67f .\objs\c_stm32f4xx_rcc.o
                                0x7e4 (size before relaxing)
 .debug_str     0x00000dc4      0x223 .\objs\c_misc.o
                                0x36d (size before relaxing)
 .debug_str     0x00000fe7       0x4a .\objs\cST_LED.o
                                0x270 (size before relaxing)
 .debug_str     0x00001031      0x5e7 .\objs\aTIM.o
                                0x812 (size before relaxing)
 .debug_str     0x00001618      0x10b .\objs\cMain.o
                                0x990 (size before relaxing)
 .debug_str     0x00001723       0x91 .\objs\system_stm32f4xx.o
                                0x31e (size before relaxing)

.comment        0x00000000       0x11
 .comment       0x00000000       0x11 .\objs\c_stm32f4xx_syscfg.o
                                 0x12 (size before relaxing)
 .comment       0x00000000       0x12 .\objs\c_stm32f4xx_gpio.o
 .comment       0x00000000       0x12 .\objs\c_stm32f4xx_exti.o
 .comment       0x00000000       0x12 .\objs\c_stm32f4xx_rcc.o
 .comment       0x00000000       0x12 .\objs\c_misc.o
 .comment       0x00000000       0x12 .\objs\cST_LED.o
 .comment       0x00000000       0x12 .\objs\aTIM.o
 .comment       0x00000000       0x12 .\objs\cMain.o
 .comment       0x00000000       0x12 .\objs\system_stm32f4xx.o

.ARM.attributes
                0x00000000       0x37
 .ARM.attributes
                0x00000000       0x39 .\objs\c_stm32f4xx_syscfg.o
 .ARM.attributes
                0x00000039       0x39 .\objs\c_stm32f4xx_gpio.o
 .ARM.attributes
                0x00000072       0x39 .\objs\c_stm32f4xx_exti.o
 .ARM.attributes
                0x000000ab       0x39 .\objs\c_stm32f4xx_rcc.o
 .ARM.attributes
                0x000000e4       0x39 .\objs\c_misc.o
 .ARM.attributes
                0x0000011d       0x39 .\objs\cST_LED.o
 .ARM.attributes
                0x00000156       0x39 .\objs\aTIM.o
 .ARM.attributes
                0x0000018f       0x21 .\objs\aST_P24_LED.o
 .ARM.attributes
                0x000001b0       0x21 .\objs\aST_P24_DISPLAY.o
 .ARM.attributes
                0x000001d1       0x21 .\objs\aST_P24_SWITCH.o
 .ARM.attributes
                0x000001f2       0x21 .\objs\aST_BTN.o
 .ARM.attributes
                0x00000213       0x21 .\objs\aST_LED.o
 .ARM.attributes
                0x00000234       0x21 .\objs\aGPIO.o
 .ARM.attributes
                0x00000255       0x39 .\objs\cMain.o
 .ARM.attributes
                0x0000028e       0x39 .\objs\system_stm32f4xx.o
 .ARM.attributes
                0x000002c7       0x21 .\objs\aStartup.o

.debug_frame    0x00000000      0x720
 .debug_frame   0x00000000       0x80 .\objs\c_stm32f4xx_syscfg.o
 .debug_frame   0x00000080      0x118 .\objs\c_stm32f4xx_gpio.o
 .debug_frame   0x00000198       0x98 .\objs\c_stm32f4xx_exti.o
 .debug_frame   0x00000230      0x2e4 .\objs\c_stm32f4xx_rcc.o
 .debug_frame   0x00000514       0x68 .\objs\c_misc.o
 .debug_frame   0x0000057c       0x6c .\objs\cST_LED.o
 .debug_frame   0x000005e8       0x40 .\objs\aTIM.o
 .debug_frame   0x00000628       0xc4 .\objs\cMain.o
 .debug_frame   0x000006ec       0x34 .\objs\system_stm32f4xx.o

.bss            0x20000038        0x8 load address 0x080025da
 COMMON         0x20000038        0x8 .\objs\cMain.o
                0x20000038                DispContants
                0x2000003c                msTicks
