
Allocating common symbols
Common symbol       size              file

CurrentPos          0x4               ./objs/c_stm32f4_discovery_audio_codec.o
AUDIO_MAL_DMA_InitStructure
                    0x3c              ./objs/c_stm32f4_discovery_audio_codec.o
WaveCounter         0x4               ./objs/c_waveplayer.o
Buffer              0x6               ./objs/c_waveplayer.o
NVIC_InitStructure  0x4               ./objs/c_stm32f4_discovery.o
RCC_Clocks          0x10              ./objs/c_Main.o
DMA_InitStructure   0x3c              ./objs/c_stm32f4_discovery_audio_codec.o

Memory Configuration

Name             Origin             Length             Attributes
*default*        0x00000000         0xffffffff

Linker script and memory map


.flash          0x08000000    0xfeb80
 *(.isr_vector)
 .isr_vector    0x08000000      0x19c ./objs/a_Startup.o
 *(.text .text.*)
 .text          0x0800019c       0x6e ./objs/a_Startup.o
                0x0800019c                Reset_Handler
                0x08000208                HASH_RNG_IRQHandler
                0x08000208                EXTI2_IRQHandler
                0x08000208                TIM8_CC_IRQHandler
                0x08000208                UART8_IRQHandler
                0x08000208                SPI4_IRQHandler
                0x08000208                TIM1_CC_IRQHandler
                0x08000208                DMA2_Stream5_IRQHandler
                0x08000208                DMA1_Stream5_IRQHandler
                0x08000208                PVD_IRQHandler
                0x08000208                SDIO_IRQHandler
                0x08000208                TAMP_STAMP_IRQHandler
                0x08000208                CAN2_RX1_IRQHandler
                0x08000208                EXTI3_IRQHandler
                0x08000208                TIM8_TRG_COM_TIM14_IRQHandler
                0x08000208                TIM1_UP_TIM10_IRQHandler
                0x08000208                TIM8_UP_TIM13_IRQHandler
                0x08000208                I2C3_ER_IRQHandler
                0x08000208                EXTI0_IRQHandler
                0x08000208                I2C2_EV_IRQHandler
                0x08000208                DMA1_Stream2_IRQHandler
                0x08000208                CAN1_RX0_IRQHandler
                0x08000208                FPU_IRQHandler
                0x08000208                OTG_HS_WKUP_IRQHandler
                0x08000208                CAN2_SCE_IRQHandler
                0x08000208                DMA2_Stream2_IRQHandler
                0x08000208                SPI1_IRQHandler
                0x08000208                TIM6_DAC_IRQHandler
                0x08000208                TIM1_BRK_TIM9_IRQHandler
                0x08000208                DCMI_IRQHandler
                0x08000208                CAN2_RX0_IRQHandler
                0x08000208                DMA2_Stream3_IRQHandler
                0x08000208                USART6_IRQHandler
                0x08000208                USART3_IRQHandler
                0x08000208                CRYP_IRQHandler
                0x08000208                RTC_Alarm_IRQHandler
                0x08000208                CAN1_RX1_IRQHandler
                0x08000208                UART5_IRQHandler
                0x08000208                DMA2_Stream0_IRQHandler
                0x08000208                I2C1_EV_IRQHandler
                0x08000208                DMA1_Stream6_IRQHandler
                0x08000208                DMA1_Stream1_IRQHandler
                0x08000208                UART4_IRQHandler
                0x08000208                TIM3_IRQHandler
                0x08000208                RCC_IRQHandler
                0x08000208                TIM8_BRK_TIM12_IRQHandler
                0x08000208                EXTI15_10_IRQHandler
                0x08000208                ADC_IRQHandler
                0x08000208                SPI5_IRQHandler
                0x08000208                TIM7_IRQHandler
                0x08000208                CAN2_TX_IRQHandler
                0x08000208                TIM5_IRQHandler
                0x08000208                DMA2_Stream7_IRQHandler
                0x08000208                I2C3_EV_IRQHandler
                0x08000208                EXTI9_5_IRQHandler
                0x08000208                RTC_WKUP_IRQHandler
                0x08000208                ETH_WKUP_IRQHandler
                0x08000208                SPI2_IRQHandler
                0x08000208                OTG_HS_EP1_IN_IRQHandler
                0x08000208                CAN1_TX_IRQHandler
                0x08000208                EXTI4_IRQHandler
                0x08000208                FSMC_IRQHandler
                0x08000208                ETH_IRQHandler
                0x08000208                OTG_HS_EP1_OUT_IRQHandler
                0x08000208                WWDG_IRQHandler
                0x08000208                SPI6_IRQHandler
                0x08000208                TIM2_IRQHandler
                0x08000208                OTG_FS_WKUP_IRQHandler
                0x08000208                TIM1_TRG_COM_TIM11_IRQHandler
                0x08000208                OTG_HS_IRQHandler
                0x08000208                UART7_IRQHandler
                0x08000208                USART2_IRQHandler
                0x08000208                I2C2_ER_IRQHandler
                0x08000208                DMA2_Stream1_IRQHandler
                0x08000208                CAN1_SCE_IRQHandler
                0x08000208                FLASH_IRQHandler
                0x08000208                DMA2_Stream4_IRQHandler
                0x08000208                USART1_IRQHandler
                0x08000208                OTG_FS_IRQHandler
                0x08000208                DMA1_Stream4_IRQHandler
                0x08000208                I2C1_ER_IRQHandler
                0x08000208                DMA2_Stream6_IRQHandler
                0x08000208                DMA1_Stream3_IRQHandler
 .text          0x0800020a        0x0 ./objs/c_audio_sample.o
 *fill*         0x0800020a        0x2 00
 .text          0x0800020c      0x264 ./objs/c_Main.o
                0x080002cc                main
 .text          0x08000470      0x240 ./objs/c_stm32f4xx_it.o
                0x08000470                NMI_Handler
                0x0800047c                HardFault_Handler
                0x08000484                MemManage_Handler
                0x0800048c                BusFault_Handler
                0x08000494                UsageFault_Handler
                0x0800049c                SVC_Handler
                0x080004a8                DebugMon_Handler
                0x080004b4                PendSV_Handler
                0x080004c0                SysTick_Handler
                0x080004cc                EXTI1_IRQHandler
                0x08000534                TIM4_IRQHandler
 .text          0x080006b0      0x3e8 ./objs/c_system_stm32f4xx.o
                0x080006b0                SystemInit
                0x08000744                SystemCoreClockUpdate
 .text          0x08000a98      0x438 ./objs/c_waveplayer.o
                0x08000a98                WavePlayBack
                0x08000b90                WavePlayerPauseResume
                0x08000bac                WaveplayerCtrlVolume
                0x08000bcc                WavePlayerStop
                0x08000bdc                WavePlayerInit
                0x08000c1c                LIS302DL_TIMEOUT_UserCallback
                0x08000c24                AudioFlashPlay
                0x08000c4c                EVAL_AUDIO_TransferComplete_CallBack
                0x08000c74                EVAL_AUDIO_HalfTransfer_CallBack
                0x08000c88                EVAL_AUDIO_Error_CallBack
                0x08000c94                EVAL_AUDIO_GetSampleCallBack
                0x08000ca4                Codec_TIMEOUT_UserCallback
                0x08000cb4                Delay
                0x08000ce4                TimingDelay_Decrement
 .text          0x08000ed0      0x244 ./objs/c_stm32f4_discovery.o
                0x08000ed0                STM_EVAL_LEDInit
                0x08000f3c                STM_EVAL_LEDOn
                0x08000f70                STM_EVAL_LEDOff
                0x08000fa4                STM_EVAL_LEDToggle
                0x08000fec                STM_EVAL_PBInit
                0x080010d8                STM_EVAL_PBGetState
 .text          0x08001114      0x69c ./objs/c_stm32f4_discovery_lis302dl.o
                0x08001114                LIS302DL_Init
                0x08001168                LIS302DL_FilterConfig
                0x080011c8                LIS302DL_InterruptConfig
                0x08001218                LIS302DL_LowpowerCmd
                0x08001264                LIS302DL_DataRateCmd
                0x080012b0                LIS302DL_FullScaleCmd
                0x080012fc                LIS302DL_RebootCmd
                0x08001338                LIS302DL_Write
                0x080013a8                LIS302DL_Read
                0x08001428                LIS302DL_ReadACC
 .text          0x080017b0     0x1778 ./objs/c_stm32f4_discovery_audio_codec.o
                0x080017b0                EVAL_AUDIO_SetAudioInterface
                0x08001920                EVAL_AUDIO_Init
                0x08001988                EVAL_AUDIO_DeInit
                0x0800199c                EVAL_AUDIO_Play
                0x08001a34                EVAL_AUDIO_PauseResume
                0x08001a68                EVAL_AUDIO_Stop
                0x08001aa8                EVAL_AUDIO_VolumeCtl
                0x08001af4                EVAL_AUDIO_Mute
                0x08001c90                DMA1_Stream7_IRQHandler
                0x08001c9c                DMA1_Stream0_IRQHandler
                0x08001ca8                SPI3_IRQHandler
                0x08002ce0                Audio_MAL_Play
                0x08002eb0                DAC_Config
 .text          0x08002f28      0x170 ./objs/c_stm32f4xx_syscfg.o
                0x08002f28                SYSCFG_DeInit
                0x08002f48                SYSCFG_MemoryRemapConfig
                0x08002f68                SYSCFG_EXTILineConfig
                0x0800301c                SYSCFG_ETH_MediaInterfaceConfig
                0x0800303c                SYSCFG_CompensationCellCmd
                0x0800305c                SYSCFG_GetCompensationCellStatus
 .text          0x08003098      0x1dc ./objs/c_misc.o
                0x08003098                NVIC_PriorityGroupConfig
                0x080030c0                NVIC_Init
                0x080031a4                NVIC_SetVectorTable
                0x080031d0                NVIC_SystemLPConfig
                0x08003228                SysTick_CLKSourceConfig
 .text          0x08003274      0xba0 ./objs/c_stm32f4xx_adc.o
                0x08003274                ADC_DeInit
                0x08003294                ADC_Init
                0x0800334c                ADC_StructInit
                0x08003398                ADC_CommonInit
                0x080033f4                ADC_CommonStructInit
                0x08003428                ADC_Cmd
                0x08003460                ADC_AnalogWatchdogCmd
                0x0800349c                ADC_AnalogWatchdogThresholdsConfig
                0x080034c4                ADC_AnalogWatchdogSingleChannelConfig
                0x080034fc                ADC_TempSensorVrefintCmd
                0x08003548                ADC_VBATCmd
                0x08003594                ADC_RegularChannelConfig
                0x08003750                ADC_SoftwareStartConv
                0x08003770                ADC_GetSoftwareStartConvStatus
                0x080037a8                ADC_EOCOnEachRegularChannelCmd
                0x080037e0                ADC_ContinuousModeCmd
                0x08003818                ADC_DiscModeChannelCountConfig
                0x08003864                ADC_DiscModeCmd
                0x0800389c                ADC_GetConversionValue
                0x080038b8                ADC_GetMultiModeConversionValue
                0x080038d0                ADC_DMACmd
                0x08003908                ADC_DMARequestAfterLastTransferCmd
                0x08003940                ADC_MultiModeDMARequestAfterLastTransferCmd
                0x0800398c                ADC_InjectedChannelConfig
                0x08003ad0                ADC_InjectedSequencerLengthConfig
                0x08003b1c                ADC_SetInjectedOffset
                0x08003b50                ADC_ExternalTrigInjectedConvConfig
                0x08003b88                ADC_ExternalTrigInjectedConvEdgeConfig
                0x08003bc0                ADC_SoftwareStartInjectedConv
                0x08003be0                ADC_GetSoftwareStartInjectedConvCmdStatus
                0x08003c18                ADC_AutoInjectedConvCmd
                0x08003c50                ADC_InjectedDiscModeCmd
                0x08003c88                ADC_GetInjectedConversionValue
                0x08003cbc                ADC_ITConfig
                0x08003d18                ADC_GetFlagStatus
                0x08003d54                ADC_ClearFlag
                0x08003d74                ADC_GetITStatus
                0x08003de4                ADC_ClearITPendingBit
 .text          0x08003e14      0x530 ./objs/c_stm32f4xx_dac.o
                0x08003e14                DAC_DeInit
                0x08003e34                DAC_Init
                0x08003ea8                DAC_StructInit
                0x08003edc                DAC_Cmd
                0x08003f44                DAC_SoftwareTriggerCmd
                0x08003fb4                DAC_DualSoftwareTriggerCmd
                0x08004000                DAC_WaveGenerationCmd
                0x08004064                DAC_SetChannel1Data
                0x0800409c                DAC_SetChannel2Data
                0x080040d4                DAC_SetDualChannelData
                0x08004138                DAC_GetDataOutputValue
                0x08004174                DAC_DMACmd
                0x080041dc                DAC_ITConfig
                0x08004240                DAC_GetFlagStatus
                0x08004288                DAC_ClearFlag
                0x080042b0                DAC_GetITStatus
                0x0800431c                DAC_ClearITPendingBit
 .text          0x08004344      0x820 ./objs/c_stm32f4xx_dma.o
                0x08004344                DMA_DeInit
                0x08004588                DMA_Init
                0x08004638                DMA_StructInit
                0x080046c4                DMA_Cmd
                0x080046fc                DMA_PeriphIncOffsetSizeConfig
                0x08004730                DMA_FlowControllerConfig
                0x08004764                DMA_SetCurrDataCounter
                0x08004780                DMA_GetCurrDataCounter
                0x0800479c                DMA_DoubleBufferModeConfig
                0x080047d8                DMA_DoubleBufferModeCmd
                0x08004810                DMA_MemoryTargetConfig
                0x0800483c                DMA_GetCurrentMemoryTarget
                0x08004874                DMA_GetCmdStatus
                0x080048ac                DMA_GetFIFOStatus
                0x080048d4                DMA_GetFlagStatus
                0x0800495c                DMA_ClearFlag
                0x080049c0                DMA_ITConfig
                0x08004a38                DMA_GetITStatus
                0x08004b00                DMA_ClearITPendingBit
 .text          0x08004b64      0x2d4 ./objs/c_stm32f4xx_exti.o
                0x08004b64                EXTI_DeInit
                0x08004bb8                EXTI_Init
                0x08004cfc                EXTI_StructInit
                0x08004d30                EXTI_GenerateSWInterrupt
                0x08004d5c                EXTI_GetFlagStatus
                0x08004d9c                EXTI_ClearFlag
                0x08004dbc                EXTI_GetITStatus
                0x08004e18                EXTI_ClearITPendingBit
 .text          0x08004e38      0xa14 ./objs/c_stm32f4xx_flash.o
                0x08004e38                FLASH_SetLatency
                0x08004e58                FLASH_PrefetchBufferCmd
                0x08004ea4                FLASH_InstructionCacheCmd
                0x08004ef0                FLASH_DataCacheCmd
                0x08004f3c                FLASH_InstructionCacheReset
                0x08004f60                FLASH_DataCacheReset
                0x08004f84                FLASH_Unlock
                0x08004fc0                FLASH_Lock
                0x08004fe4                FLASH_EraseSector
                0x08005100                FLASH_EraseAllSectors
                0x080051e4                FLASH_ProgramDoubleWord
                0x08005284                FLASH_ProgramWord
                0x0800531c                FLASH_ProgramHalfWord
                0x080053b8                FLASH_ProgramByte
                0x08005450                FLASH_OB_Unlock
                0x08005494                FLASH_OB_Lock
                0x080054b8                FLASH_OB_WRPConfig
                0x0800552c                FLASH_OB_RDPConfig
                0x08005560                FLASH_OB_UserConfig
                0x080055c4                FLASH_OB_BORConfig
                0x08005610                FLASH_OB_Launch
                0x0800564c                FLASH_OB_GetUser
                0x08005668                FLASH_OB_GetWRP
                0x08005680                FLASH_OB_GetRDP
                0x080056b8                FLASH_OB_GetBOR
                0x080056d8                FLASH_ITConfig
                0x08005730                FLASH_GetFlagStatus
                0x08005770                FLASH_ClearFlag
                0x08005790                FLASH_GetStatus
                0x08005818                FLASH_WaitForLastOperation
 .text          0x0800584c      0x550 ./objs/c_stm32f4xx_gpio.o
                0x0800584c                GPIO_DeInit
                0x080059c4                GPIO_Init
                0x08005b18                GPIO_StructInit
                0x08005b54                GPIO_PinLockConfig
                0x08005b98                GPIO_ReadInputDataBit
                0x08005bd4                GPIO_ReadInputData
                0x08005bf0                GPIO_ReadOutputDataBit
                0x08005c2c                GPIO_ReadOutputData
                0x08005c48                GPIO_SetBits
                0x08005c64                GPIO_ResetBits
                0x08005c80                GPIO_WriteBit
                0x08005cb0                GPIO_Write
                0x08005ccc                GPIO_ToggleBits
                0x08005cf0                GPIO_PinAFConfig
 .text          0x08005d9c      0xa10 ./objs/c_stm32f4xx_i2c.o
                0x08005d9c                I2C_DeInit
                0x08005e24                I2C_Init
                0x08005fd0                I2C_StructInit
                0x08006014                I2C_Cmd
                0x08006054                I2C_GenerateSTART
                0x08006094                I2C_GenerateSTOP
                0x080060d4                I2C_Send7bitAddress
                0x08006110                I2C_AcknowledgeConfig
                0x08006150                I2C_OwnAddress2Config
                0x08006194                I2C_DualAddressCmd
                0x080061d4                I2C_GeneralCallCmd
                0x08006214                I2C_SoftwareResetCmd
                0x0800625c                I2C_StretchClockCmd
                0x0800629c                I2C_FastModeDutyCycleConfig
                0x080062dc                I2C_NACKPositionConfig
                0x0800631c                I2C_SMBusAlertConfig
                0x0800635c                I2C_ARPCmd
                0x0800639c                I2C_SendData
                0x080063bc                I2C_ReceiveData
                0x080063d8                I2C_TransmitPEC
                0x08006418                I2C_PECPositionConfig
                0x08006458                I2C_CalculatePEC
                0x08006498                I2C_GetPEC
                0x080064bc                I2C_DMACmd
                0x080064fc                I2C_DMALastTransferCmd
                0x0800653c                I2C_ReadRegister
                0x0800656c                I2C_ITConfig
                0x080065b4                I2C_CheckEvent
                0x08006624                I2C_GetLastEvent
                0x08006670                I2C_GetFlagStatus
                0x080066e8                I2C_ClearFlag
                0x08006718                I2C_GetITStatus
                0x0800677c                I2C_ClearITPendingBit
 .text          0x080067ac      0xdd0 ./objs/c_stm32f4xx_rcc.o
                0x080067ac                RCC_DeInit
                0x08006830                RCC_HSEConfig
                0x08006860                RCC_WaitForHSEStartUp
                0x080068c4                RCC_AdjustHSICalibrationValue
                0x0800690c                RCC_HSICmd
                0x0800692c                RCC_LSEConfig
                0x0800698c                RCC_LSICmd
                0x080069ac                RCC_PLLConfig
                0x080069f4                RCC_PLLCmd
                0x08006a14                RCC_PLLI2SConfig
                0x08006a44                RCC_PLLI2SCmd
                0x08006a64                RCC_ClockSecuritySystemCmd
                0x08006a84                RCC_MCO1Config
                0x08006acc                RCC_MCO2Config
                0x08006b14                RCC_SYSCLKConfig
                0x08006b54                RCC_GetSYSCLKSource
                0x08006b74                RCC_HCLKConfig
                0x08006bb4                RCC_PCLK1Config
                0x08006bf4                RCC_PCLK2Config
                0x08006c38                RCC_GetClocksFreq
                0x08006e08                RCC_RTCCLKConfig
                0x08006e80                RCC_RTCCLKCmd
                0x08006ea0                RCC_BackupResetCmd
                0x08006ec0                RCC_I2SCLKConfig
                0x08006ee0                RCC_AHB1PeriphClockCmd
                0x08006f38                RCC_AHB2PeriphClockCmd
                0x08006f90                RCC_AHB3PeriphClockCmd
                0x08006fe8                RCC_APB1PeriphClockCmd
                0x08007040                RCC_APB2PeriphClockCmd
                0x08007098                RCC_AHB1PeriphResetCmd
                0x080070f0                RCC_AHB2PeriphResetCmd
                0x08007148                RCC_AHB3PeriphResetCmd
                0x080071a0                RCC_APB1PeriphResetCmd
                0x080071f8                RCC_APB2PeriphResetCmd
                0x08007250                RCC_AHB1PeriphClockLPModeCmd
                0x080072a8                RCC_AHB2PeriphClockLPModeCmd
                0x08007300                RCC_AHB3PeriphClockLPModeCmd
                0x08007358                RCC_APB1PeriphClockLPModeCmd
                0x080073b0                RCC_APB2PeriphClockLPModeCmd
                0x08007408                RCC_ITConfig
                0x08007468                RCC_GetFlagStatus
                0x080074f8                RCC_ClearFlag
                0x0800751c                RCC_GetITStatus
                0x0800755c                RCC_ClearITPendingBit
 .text          0x0800757c      0x8e8 ./objs/c_stm32f4xx_spi.o
                0x0800757c                SPI_I2S_DeInit
                0x08007604                SPI_Init
                0x0800768c                I2S_Init
                0x080078a0                SPI_StructInit
                0x080078fc                I2S_StructInit
                0x08007940                SPI_Cmd
                0x08007980                I2S_Cmd
                0x080079c0                SPI_DataSizeConfig
                0x080079f8                SPI_BiDirectionalLineConfig
                0x08007a38                SPI_NSSInternalSoftwareConfig
                0x08007a7c                SPI_SSOutputCmd
                0x08007abc                SPI_TIModeCmd
                0x08007afc                I2S_FullDuplexConfig
                0x08007ba0                SPI_I2S_ReceiveData
                0x08007bbc                SPI_I2S_SendData
                0x08007bd8                SPI_CalculateCRC
                0x08007c18                SPI_TransmitCRC
                0x08007c3c                SPI_GetCRC
                0x08007c70                SPI_GetCRCPolynomial
                0x08007c8c                SPI_I2S_DMACmd
                0x08007cd4                SPI_I2S_ITConfig
                0x08007d40                SPI_I2S_GetFlagStatus
                0x08007d80                SPI_I2S_ClearFlag
                0x08007da4                SPI_I2S_GetITStatus
                0x08007e2c                SPI_I2S_ClearITPendingBit
 .text          0x08007e64     0x1d74 ./objs/c_stm32f4xx_tim.o
                0x08007e64                TIM_DeInit
                0x0800809c                TIM_TimeBaseInit
                0x08008190                TIM_TimeBaseStructInit
                0x080081cc                TIM_PrescalerConfig
                0x080081f4                TIM_CounterModeConfig
                0x0800822c                TIM_SetCounter
                0x08008248                TIM_SetAutoreload
                0x08008264                TIM_GetCounter
                0x0800827c                TIM_GetPrescaler
                0x08008298                TIM_UpdateDisableConfig
                0x080082d8                TIM_UpdateRequestConfig
                0x08008318                TIM_ARRPreloadConfig
                0x08008358                TIM_SelectOnePulseMode
                0x08008390                TIM_SetClockDivision
                0x080083c8                TIM_Cmd
                0x08008408                TIM_OC1Init
                0x08008504                TIM_OC2Init
                0x0800862c                TIM_OC3Init
                0x0800874c                TIM_OC4Init
                0x0800882c                TIM_OCStructInit
                0x08008880                TIM_SelectOCxM
                0x08008940                TIM_SetCompare1
                0x0800895c                TIM_SetCompare2
                0x08008978                TIM_SetCompare3
                0x08008994                TIM_SetCompare4
                0x080089b0                TIM_ForcedOC1Config
                0x080089e8                TIM_ForcedOC2Config
                0x08008a28                TIM_ForcedOC3Config
                0x08008a60                TIM_ForcedOC4Config
                0x08008aa0                TIM_OC1PreloadConfig
                0x08008ad8                TIM_OC2PreloadConfig
                0x08008b18                TIM_OC3PreloadConfig
                0x08008b50                TIM_OC4PreloadConfig
                0x08008b90                TIM_OC1FastConfig
                0x08008bc8                TIM_OC2FastConfig
                0x08008c08                TIM_OC3FastConfig
                0x08008c40                TIM_OC4FastConfig
                0x08008c80                TIM_ClearOC1Ref
                0x08008cb8                TIM_ClearOC2Ref
                0x08008cfc                TIM_ClearOC3Ref
                0x08008d34                TIM_ClearOC4Ref
                0x08008d78                TIM_OC1PolarityConfig
                0x08008db0                TIM_OC1NPolarityConfig
                0x08008de8                TIM_OC2PolarityConfig
                0x08008e28                TIM_OC2NPolarityConfig
                0x08008e68                TIM_OC3PolarityConfig
                0x08008ea8                TIM_OC3NPolarityConfig
                0x08008ee8                TIM_OC4PolarityConfig
                0x08008f28                TIM_CCxCmd
                0x08008f84                TIM_CCxNCmd
                0x08008fe0                TIM_ICInit
                0x08009088                TIM_ICStructInit
                0x080090c4                TIM_PWMIConfig
                0x08009188                TIM_GetCapture1
                0x080091a0                TIM_GetCapture2
                0x080091b8                TIM_GetCapture3
                0x080091d0                TIM_GetCapture4
                0x080091e8                TIM_SetIC1Prescaler
                0x08009220                TIM_SetIC2Prescaler
                0x0800925c                TIM_SetIC3Prescaler
                0x08009294                TIM_SetIC4Prescaler
                0x080092d0                TIM_BDTRConfig
                0x08009320                TIM_BDTRStructInit
                0x0800936c                TIM_CtrlPWMOutputs
                0x080093bc                TIM_SelectCOM
                0x080093fc                TIM_CCPreloadControl
                0x0800943c                TIM_ITConfig
                0x08009484                TIM_GenerateEvent
                0x080094a0                TIM_GetFlagStatus
                0x080094e0                TIM_ClearFlag
                0x08009504                TIM_GetITStatus
                0x08009564                TIM_ClearITPendingBit
                0x08009588                TIM_DMAConfig
                0x080095b0                TIM_DMACmd
                0x080095f8                TIM_SelectCCDMA
                0x08009638                TIM_InternalClockConfig
                0x0800965c                TIM_ITRxExternalClockConfig
                0x0800968c                TIM_TIxExternalClockConfig
                0x080096e4                TIM_ETRClockMode1Config
                0x08009738                TIM_ETRClockMode2Config
                0x0800976c                TIM_SelectInputTrigger
                0x080097a4                TIM_SelectOutputTrigger
                0x080097dc                TIM_SelectSlaveMode
                0x08009814                TIM_SelectMasterSlaveMode
                0x0800984c                TIM_ETRConfig
                0x08009898                TIM_EncoderInterfaceConfig
                0x0800992c                TIM_SelectHallSensor
                0x0800996c                TIM_RemapConfig
 *(.rodata .rodata.*)
 .rodata        0x08009bd8    0xf4f78 ./objs/c_audio_sample.o
                0x08009bd8                AUDIO_SAMPLE
 .rodata        0x080feb50       0x30 ./objs/c_stm32f4_discovery.o
                0x080feb50                GPIO_PIN
                0x080feb58                GPIO_CLK
                0x080feb68                BUTTON_PIN
                0x080feb6c                BUTTON_CLK
                0x080feb70                BUTTON_EXTI_LINE
                0x080feb74                BUTTON_PORT_SOURCE
                0x080feb78                BUTTON_PIN_SOURCE
                0x080feb7c                BUTTON_IRQn
                0x080feb80                __sidata = .

.glue_7         0x080feb80        0x0
 .glue_7        0x00000000        0x0 linker stubs

.glue_7t        0x080feb80        0x0
 .glue_7t       0x00000000        0x0 linker stubs

.vfp11_veneer   0x080feb80        0x0
 .vfp11_veneer  0x00000000        0x0 linker stubs

.v4_bx          0x080feb80        0x0
 .v4_bx         0x00000000        0x0 linker stubs

.data_at_ram    0x20000000       0x98 load address 0x080feb80
                0x20000000                __sdata = .
 *(.data .data.*)
 .data          0x20000000        0x0 ./objs/a_Startup.o
 .data          0x20000000        0x0 ./objs/c_audio_sample.o
 .data          0x20000000        0x2 ./objs/c_Main.o
                0x20000000                CCR_Val
 .data          0x20000002        0x1 ./objs/c_stm32f4xx_it.o
                0x20000002                PauseResumeStatus
 *fill*         0x20000003        0x1 00
 .data          0x20000004       0x14 ./objs/c_system_stm32f4xx.o
                0x20000004                SystemCoreClock
                0x20000008                AHBPrescTable
 .data          0x20000018        0x1 ./objs/c_waveplayer.o
                0x20000018                volume
 *fill*         0x20000019        0x3 00
 .data          0x2000001c       0x14 ./objs/c_stm32f4_discovery.o
                0x2000001c                GPIO_PORT
                0x2000002c                BUTTON_PORT
 .data          0x20000030        0x4 ./objs/c_stm32f4_discovery_lis302dl.o
                0x20000030                LIS302DLTimeout
 .data          0x20000034       0x34 ./objs/c_stm32f4_discovery_audio_codec.o
                0x20000034                AudioTotalSize
                0x20000038                AudioRemSize
                0x2000003c                CODECTimeout
                0x20000040                CurrAudioInterface
                0x20000044                AUDIO_MAL_DMA_CLOCK
                0x20000048                AUDIO_MAL_DMA_STREAM
                0x2000004c                AUDIO_MAL_DMA_DREG
                0x20000050                AUDIO_MAL_DMA_IRQ
                0x20000054                AUDIO_MAL_DMA_FLAG_TC
                0x20000058                AUDIO_MAL_DMA_FLAG_HT
                0x2000005c                AUDIO_MAL_DMA_FLAG_FE
                0x20000060                AUDIO_MAL_DMA_FLAG_TE
                0x20000064                AUDIO_MAL_DMA_FLAG_DME
 .data          0x20000068        0x0 ./objs/c_stm32f4xx_syscfg.o
 .data          0x20000068        0x0 ./objs/c_misc.o
 .data          0x20000068        0x0 ./objs/c_stm32f4xx_adc.o
 .data          0x20000068        0x0 ./objs/c_stm32f4xx_dac.o
 .data          0x20000068        0x0 ./objs/c_stm32f4xx_dma.o
 .data          0x20000068        0x0 ./objs/c_stm32f4xx_exti.o
 .data          0x20000068        0x0 ./objs/c_stm32f4xx_flash.o
 .data          0x20000068        0x0 ./objs/c_stm32f4xx_gpio.o
 .data          0x20000068        0x0 ./objs/c_stm32f4xx_i2c.o
 .data          0x20000068       0x10 ./objs/c_stm32f4xx_rcc.o
 .data          0x20000078        0x0 ./objs/c_stm32f4xx_spi.o
 .data          0x20000078        0x0 ./objs/c_stm32f4xx_tim.o
                0x20000078                __edata = .
                0x20000078                __sbss = .
 *(.bss .bss.*)
 .bss           0x20000078        0x0 ./objs/a_Startup.o
 .bss           0x20000078        0x0 ./objs/c_audio_sample.o
 .bss           0x20000078        0x1 ./objs/c_Main.o
                0x20000078                RepeatState
 *fill*         0x20000079        0x1 00
 .bss           0x2000007a        0x4 ./objs/c_stm32f4xx_it.o
                0x2000007a                Count
                0x2000007b                LED_Toggle
                0x2000007c                capture
 .bss           0x2000007e        0x0 ./objs/c_system_stm32f4xx.o
 *fill*         0x2000007e        0x2 00
 .bss           0x20000080       0x10 ./objs/c_waveplayer.o
                0x20000080                XferCplt
                0x20000084                AudioPlayStart
                0x20000088                WaveDataLength
 .bss           0x20000090        0x0 ./objs/c_stm32f4_discovery.o
 .bss           0x20000090        0x0 ./objs/c_stm32f4_discovery_lis302dl.o
 .bss           0x20000090        0x8 ./objs/c_stm32f4_discovery_audio_codec.o
                0x20000090                OutputDev
                0x20000094                AUDIO_MAL_DMA_CHANNEL
 .bss           0x20000098        0x0 ./objs/c_stm32f4xx_syscfg.o
 .bss           0x20000098        0x0 ./objs/c_misc.o
 .bss           0x20000098        0x0 ./objs/c_stm32f4xx_adc.o
 .bss           0x20000098        0x0 ./objs/c_stm32f4xx_dac.o
 .bss           0x20000098        0x0 ./objs/c_stm32f4xx_dma.o
 .bss           0x20000098        0x0 ./objs/c_stm32f4xx_exti.o
 .bss           0x20000098        0x0 ./objs/c_stm32f4xx_flash.o
 .bss           0x20000098        0x0 ./objs/c_stm32f4xx_gpio.o
 .bss           0x20000098        0x0 ./objs/c_stm32f4xx_i2c.o
 .bss           0x20000098        0x0 ./objs/c_stm32f4xx_rcc.o
 .bss           0x20000098        0x0 ./objs/c_stm32f4xx_spi.o
 .bss           0x20000098        0x0 ./objs/c_stm32f4xx_tim.o
                0x20000098                __ebss = .
                0x20020000                _stack_start = 0x20020000
LOAD ./objs/a_Startup.o
LOAD ./objs/c_audio_sample.o
LOAD ./objs/c_Main.o
LOAD ./objs/c_stm32f4xx_it.o
LOAD ./objs/c_system_stm32f4xx.o
LOAD ./objs/c_waveplayer.o
LOAD ./objs/c_stm32f4_discovery.o
LOAD ./objs/c_stm32f4_discovery_lis302dl.o
LOAD ./objs/c_stm32f4_discovery_audio_codec.o
LOAD ./objs/c_stm32f4xx_syscfg.o
LOAD ./objs/c_misc.o
LOAD ./objs/c_stm32f4xx_adc.o
LOAD ./objs/c_stm32f4xx_dac.o
LOAD ./objs/c_stm32f4xx_dma.o
LOAD ./objs/c_stm32f4xx_exti.o
LOAD ./objs/c_stm32f4xx_flash.o
LOAD ./objs/c_stm32f4xx_gpio.o
LOAD ./objs/c_stm32f4xx_i2c.o
LOAD ./objs/c_stm32f4xx_rcc.o
LOAD ./objs/c_stm32f4xx_spi.o
LOAD ./objs/c_stm32f4xx_tim.o
LOAD c:/yagarto/bin/../lib/gcc/arm-none-eabi/4.6.2\libgcc.a
START GROUP
LOAD c:/yagarto/bin/../lib/gcc/arm-none-eabi/4.6.2\libgcc.a
LOAD c:/yagarto/bin/../lib/gcc/arm-none-eabi/4.6.2/../../../../arm-none-eabi/lib\libg.a
LOAD c:/yagarto/bin/../lib/gcc/arm-none-eabi/4.6.2/../../../../arm-none-eabi/lib\libc.a
END GROUP
OUTPUT(Blinky.elf elf32-littlearm)

.ARM.attributes
                0x00000000       0x2d
 .ARM.attributes
                0x00000000       0x21 ./objs/a_Startup.o
 .ARM.attributes
                0x00000021       0x31 ./objs/c_audio_sample.o
 .ARM.attributes
                0x00000052       0x31 ./objs/c_Main.o
 .ARM.attributes
                0x00000083       0x31 ./objs/c_stm32f4xx_it.o
 .ARM.attributes
                0x000000b4       0x31 ./objs/c_system_stm32f4xx.o
 .ARM.attributes
                0x000000e5       0x31 ./objs/c_waveplayer.o
 .ARM.attributes
                0x00000116       0x31 ./objs/c_stm32f4_discovery.o
 .ARM.attributes
                0x00000147       0x31 ./objs/c_stm32f4_discovery_lis302dl.o
 .ARM.attributes
                0x00000178       0x31 ./objs/c_stm32f4_discovery_audio_codec.o
 .ARM.attributes
                0x000001a9       0x31 ./objs/c_stm32f4xx_syscfg.o
 .ARM.attributes
                0x000001da       0x31 ./objs/c_misc.o
 .ARM.attributes
                0x0000020b       0x31 ./objs/c_stm32f4xx_adc.o
 .ARM.attributes
                0x0000023c       0x31 ./objs/c_stm32f4xx_dac.o
 .ARM.attributes
                0x0000026d       0x31 ./objs/c_stm32f4xx_dma.o
 .ARM.attributes
                0x0000029e       0x31 ./objs/c_stm32f4xx_exti.o
 .ARM.attributes
                0x000002cf       0x31 ./objs/c_stm32f4xx_flash.o
 .ARM.attributes
                0x00000300       0x31 ./objs/c_stm32f4xx_gpio.o
 .ARM.attributes
                0x00000331       0x31 ./objs/c_stm32f4xx_i2c.o
 .ARM.attributes
                0x00000362       0x31 ./objs/c_stm32f4xx_rcc.o
 .ARM.attributes
                0x00000393       0x31 ./objs/c_stm32f4xx_spi.o
 .ARM.attributes
                0x000003c4       0x31 ./objs/c_stm32f4xx_tim.o

.comment        0x00000000       0x11
 .comment       0x00000000       0x11 ./objs/c_audio_sample.o
                                 0x12 (size before relaxing)
 .comment       0x00000000       0x12 ./objs/c_Main.o
 .comment       0x00000000       0x12 ./objs/c_stm32f4xx_it.o
 .comment       0x00000000       0x12 ./objs/c_system_stm32f4xx.o
 .comment       0x00000000       0x12 ./objs/c_waveplayer.o
 .comment       0x00000000       0x12 ./objs/c_stm32f4_discovery.o
 .comment       0x00000000       0x12 ./objs/c_stm32f4_discovery_lis302dl.o
 .comment       0x00000000       0x12 ./objs/c_stm32f4_discovery_audio_codec.o
 .comment       0x00000000       0x12 ./objs/c_stm32f4xx_syscfg.o
 .comment       0x00000000       0x12 ./objs/c_misc.o
 .comment       0x00000000       0x12 ./objs/c_stm32f4xx_adc.o
 .comment       0x00000000       0x12 ./objs/c_stm32f4xx_dac.o
 .comment       0x00000000       0x12 ./objs/c_stm32f4xx_dma.o
 .comment       0x00000000       0x12 ./objs/c_stm32f4xx_exti.o
 .comment       0x00000000       0x12 ./objs/c_stm32f4xx_flash.o
 .comment       0x00000000       0x12 ./objs/c_stm32f4xx_gpio.o
 .comment       0x00000000       0x12 ./objs/c_stm32f4xx_i2c.o
 .comment       0x00000000       0x12 ./objs/c_stm32f4xx_rcc.o
 .comment       0x00000000       0x12 ./objs/c_stm32f4xx_spi.o
 .comment       0x00000000       0x12 ./objs/c_stm32f4xx_tim.o

.debug_line     0x00000000     0x3032
 .debug_line    0x00000000       0x84 ./objs/a_Startup.o
 .debug_line    0x00000084       0xbc ./objs/c_audio_sample.o
 .debug_line    0x00000140      0x20d ./objs/c_Main.o
 .debug_line    0x0000034d      0x1a0 ./objs/c_stm32f4xx_it.o
 .debug_line    0x000004ed      0x189 ./objs/c_system_stm32f4xx.o
 .debug_line    0x00000676      0x260 ./objs/c_waveplayer.o
 .debug_line    0x000008d6      0x1fd ./objs/c_stm32f4_discovery.o
 .debug_line    0x00000ad3      0x2c7 ./objs/c_stm32f4_discovery_lis302dl.o
 .debug_line    0x00000d9a      0x4b2 ./objs/c_stm32f4_discovery_audio_codec.o
 .debug_line    0x0000124c      0x150 ./objs/c_stm32f4xx_syscfg.o
 .debug_line    0x0000139c      0x188 ./objs/c_misc.o
 .debug_line    0x00001524      0x2e3 ./objs/c_stm32f4xx_adc.o
 .debug_line    0x00001807      0x209 ./objs/c_stm32f4xx_dac.o
 .debug_line    0x00001a10      0x26c ./objs/c_stm32f4xx_dma.o
 .debug_line    0x00001c7c      0x1c1 ./objs/c_stm32f4xx_exti.o
 .debug_line    0x00001e3d      0x284 ./objs/c_stm32f4xx_flash.o
 .debug_line    0x000020c1      0x208 ./objs/c_stm32f4xx_gpio.o
 .debug_line    0x000022c9      0x2ae ./objs/c_stm32f4xx_i2c.o
 .debug_line    0x00002577      0x2e5 ./objs/c_stm32f4xx_rcc.o
 .debug_line    0x0000285c      0x28d ./objs/c_stm32f4xx_spi.o
 .debug_line    0x00002ae9      0x549 ./objs/c_stm32f4xx_tim.o

.debug_info     0x00000000     0xbd8a
 .debug_info    0x00000000       0x90 ./objs/a_Startup.o
 .debug_info    0x00000090       0xcd ./objs/c_audio_sample.o
 .debug_info    0x0000015d      0xbbd ./objs/c_Main.o
 .debug_info    0x00000d1a      0x505 ./objs/c_stm32f4xx_it.o
 .debug_info    0x0000121f      0x61d ./objs/c_system_stm32f4xx.o
 .debug_info    0x0000183c      0xa41 ./objs/c_waveplayer.o
 .debug_info    0x0000227d      0x965 ./objs/c_stm32f4_discovery.o
 .debug_info    0x00002be2      0x840 ./objs/c_stm32f4_discovery_lis302dl.o
 .debug_info    0x00003422     0x1276 ./objs/c_stm32f4_discovery_audio_codec.o
 .debug_info    0x00004698      0x27a ./objs/c_stm32f4xx_syscfg.o
 .debug_info    0x00004912      0x594 ./objs/c_misc.o
 .debug_info    0x00004ea6      0xcf5 ./objs/c_stm32f4xx_adc.o
 .debug_info    0x00005b9b      0x683 ./objs/c_stm32f4xx_dac.o
 .debug_info    0x0000621e      0x7a3 ./objs/c_stm32f4xx_dma.o
 .debug_info    0x000069c1      0x372 ./objs/c_stm32f4xx_exti.o
 .debug_info    0x00006d33      0x775 ./objs/c_stm32f4xx_flash.o
 .debug_info    0x000074a8      0x639 ./objs/c_stm32f4xx_gpio.o
 .debug_info    0x00007ae1      0xb91 ./objs/c_stm32f4xx_i2c.o
 .debug_info    0x00008672      0xd24 ./objs/c_stm32f4xx_rcc.o
 .debug_info    0x00009396      0xbcc ./objs/c_stm32f4xx_spi.o
 .debug_info    0x00009f62     0x1e28 ./objs/c_stm32f4xx_tim.o

.debug_abbrev   0x00000000     0x1cc2
 .debug_abbrev  0x00000000       0x14 ./objs/a_Startup.o
 .debug_abbrev  0x00000014       0x79 ./objs/c_audio_sample.o
 .debug_abbrev  0x0000008d      0x19c ./objs/c_Main.o
 .debug_abbrev  0x00000229      0x11e ./objs/c_stm32f4xx_it.o
 .debug_abbrev  0x00000347      0x140 ./objs/c_system_stm32f4xx.o
 .debug_abbrev  0x00000487      0x20a ./objs/c_waveplayer.o
 .debug_abbrev  0x00000691      0x176 ./objs/c_stm32f4_discovery.o
 .debug_abbrev  0x00000807      0x1c0 ./objs/c_stm32f4_discovery_lis302dl.o
 .debug_abbrev  0x000009c7      0x209 ./objs/c_stm32f4_discovery_audio_codec.o
 .debug_abbrev  0x00000bd0      0x12a ./objs/c_stm32f4xx_syscfg.o
 .debug_abbrev  0x00000cfa      0x126 ./objs/c_misc.o
 .debug_abbrev  0x00000e20      0x189 ./objs/c_stm32f4xx_adc.o
 .debug_abbrev  0x00000fa9      0x172 ./objs/c_stm32f4xx_dac.o
 .debug_abbrev  0x0000111b      0x14e ./objs/c_stm32f4xx_dma.o
 .debug_abbrev  0x00001269      0x198 ./objs/c_stm32f4xx_exti.o
 .debug_abbrev  0x00001401      0x168 ./objs/c_stm32f4xx_flash.o
 .debug_abbrev  0x00001569      0x182 ./objs/c_stm32f4xx_gpio.o
 .debug_abbrev  0x000016eb      0x15d ./objs/c_stm32f4xx_i2c.o
 .debug_abbrev  0x00001848      0x1b7 ./objs/c_stm32f4xx_rcc.o
 .debug_abbrev  0x000019ff      0x160 ./objs/c_stm32f4xx_spi.o
 .debug_abbrev  0x00001b5f      0x163 ./objs/c_stm32f4xx_tim.o

.debug_aranges  0x00000000      0x280
 .debug_aranges
                0x00000000       0x20 ./objs/a_Startup.o
 .debug_aranges
                0x00000020       0x20 ./objs/c_Main.o
 .debug_aranges
                0x00000040       0x20 ./objs/c_stm32f4xx_it.o
 .debug_aranges
                0x00000060       0x20 ./objs/c_system_stm32f4xx.o
 .debug_aranges
                0x00000080       0x20 ./objs/c_waveplayer.o
 .debug_aranges
                0x000000a0       0x20 ./objs/c_stm32f4_discovery.o
 .debug_aranges
                0x000000c0       0x20 ./objs/c_stm32f4_discovery_lis302dl.o
 .debug_aranges
                0x000000e0       0x20 ./objs/c_stm32f4_discovery_audio_codec.o
 .debug_aranges
                0x00000100       0x20 ./objs/c_stm32f4xx_syscfg.o
 .debug_aranges
                0x00000120       0x20 ./objs/c_misc.o
 .debug_aranges
                0x00000140       0x20 ./objs/c_stm32f4xx_adc.o
 .debug_aranges
                0x00000160       0x20 ./objs/c_stm32f4xx_dac.o
 .debug_aranges
                0x00000180       0x20 ./objs/c_stm32f4xx_dma.o
 .debug_aranges
                0x000001a0       0x20 ./objs/c_stm32f4xx_exti.o
 .debug_aranges
                0x000001c0       0x20 ./objs/c_stm32f4xx_flash.o
 .debug_aranges
                0x000001e0       0x20 ./objs/c_stm32f4xx_gpio.o
 .debug_aranges
                0x00000200       0x20 ./objs/c_stm32f4xx_i2c.o
 .debug_aranges
                0x00000220       0x20 ./objs/c_stm32f4xx_rcc.o
 .debug_aranges
                0x00000240       0x20 ./objs/c_stm32f4xx_spi.o
 .debug_aranges
                0x00000260       0x20 ./objs/c_stm32f4xx_tim.o

.debug_str      0x00000000     0x4581
 .debug_str     0x00000000       0xe3 ./objs/c_audio_sample.o
                                0x11f (size before relaxing)
 .debug_str     0x000000e3      0x963 ./objs/c_Main.o
                                0xa5e (size before relaxing)
 .debug_str     0x00000a46      0x10d ./objs/c_stm32f4xx_it.o
                                0x325 (size before relaxing)
 .debug_str     0x00000b53      0x168 ./objs/c_system_stm32f4xx.o
                                0x329 (size before relaxing)
 .debug_str     0x00000cbb      0x523 ./objs/c_waveplayer.o
                                0xc27 (size before relaxing)
 .debug_str     0x000011de      0x193 ./objs/c_stm32f4_discovery.o
                                0xabd (size before relaxing)
 .debug_str     0x00001371      0x30d ./objs/c_stm32f4_discovery_lis302dl.o
                                0x6de (size before relaxing)
 .debug_str     0x0000167e      0x6e7 ./objs/c_stm32f4_discovery_audio_codec.o
                                0xff8 (size before relaxing)
 .debug_str     0x00001d65      0x173 ./objs/c_stm32f4xx_syscfg.o
                                0x293 (size before relaxing)
 .debug_str     0x00001ed8       0xfc ./objs/c_misc.o
                                0x36d (size before relaxing)
 .debug_str     0x00001fd4      0x63e ./objs/c_stm32f4xx_adc.o
                                0x798 (size before relaxing)
 .debug_str     0x00002612      0x21f ./objs/c_stm32f4xx_dac.o
                                0x3e7 (size before relaxing)
 .debug_str     0x00002831      0x25e ./objs/c_stm32f4xx_dma.o
                                0x4e0 (size before relaxing)
 .debug_str     0x00002a8f       0xfd ./objs/c_stm32f4xx_exti.o
                                0x302 (size before relaxing)
 .debug_str     0x00002b8c      0x3aa ./objs/c_stm32f4xx_flash.o
                                0x51b (size before relaxing)
 .debug_str     0x00002f36      0x172 ./objs/c_stm32f4xx_gpio.o
                                0x437 (size before relaxing)
 .debug_str     0x000030a8      0x357 ./objs/c_stm32f4xx_i2c.o
                                0x5f9 (size before relaxing)
 .debug_str     0x000033ff      0x4ef ./objs/c_stm32f4xx_rcc.o
                                0x7e4 (size before relaxing)
 .debug_str     0x000038ee      0x298 ./objs/c_stm32f4xx_spi.o
                                0x61e (size before relaxing)
 .debug_str     0x00003b86      0x9fb ./objs/c_stm32f4xx_tim.o
                                0xd64 (size before relaxing)

.debug_loc      0x00000000     0x5960
 .debug_loc     0x00000000       0xd4 ./objs/c_Main.o
 .debug_loc     0x000000d4      0x1f0 ./objs/c_stm32f4xx_it.o
 .debug_loc     0x000002c4       0x9c ./objs/c_system_stm32f4xx.o
 .debug_loc     0x00000360      0x344 ./objs/c_waveplayer.o
 .debug_loc     0x000006a4      0x150 ./objs/c_stm32f4_discovery.o
 .debug_loc     0x000007f4      0x2a0 ./objs/c_stm32f4_discovery_lis302dl.o
 .debug_loc     0x00000a94      0x730 ./objs/c_stm32f4_discovery_audio_codec.o
 .debug_loc     0x000011c4      0x144 ./objs/c_stm32f4xx_syscfg.o
 .debug_loc     0x00001308      0x118 ./objs/c_misc.o
 .debug_loc     0x00001420      0x838 ./objs/c_stm32f4xx_adc.o
 .debug_loc     0x00001c58      0x3ac ./objs/c_stm32f4xx_dac.o
 .debug_loc     0x00002004      0x428 ./objs/c_stm32f4xx_dma.o
 .debug_loc     0x0000242c      0x1b4 ./objs/c_stm32f4xx_exti.o
 .debug_loc     0x000025e0      0x624 ./objs/c_stm32f4xx_flash.o
 .debug_loc     0x00002c04      0x310 ./objs/c_stm32f4xx_gpio.o
 .debug_loc     0x00002f14      0x738 ./objs/c_stm32f4xx_i2c.o
 .debug_loc     0x0000364c      0x97c ./objs/c_stm32f4xx_rcc.o
 .debug_loc     0x00003fc8      0x578 ./objs/c_stm32f4xx_spi.o
 .debug_loc     0x00004540     0x1420 ./objs/c_stm32f4xx_tim.o

.debug_frame    0x00000000     0x2f9c
 .debug_frame   0x00000000       0x88 ./objs/c_Main.o
 .debug_frame   0x00000088      0x128 ./objs/c_stm32f4xx_it.o
 .debug_frame   0x000001b0       0x64 ./objs/c_system_stm32f4xx.o
 .debug_frame   0x00000214      0x1e0 ./objs/c_waveplayer.o
 .debug_frame   0x000003f4       0xc4 ./objs/c_stm32f4_discovery.o
 .debug_frame   0x000004b8      0x190 ./objs/c_stm32f4_discovery_lis302dl.o
 .debug_frame   0x00000648      0x438 ./objs/c_stm32f4_discovery_audio_codec.o
 .debug_frame   0x00000a80       0xbc ./objs/c_stm32f4xx_syscfg.o
 .debug_frame   0x00000b3c       0x9c ./objs/c_misc.o
 .debug_frame   0x00000bd8      0x434 ./objs/c_stm32f4xx_adc.o
 .debug_frame   0x0000100c      0x1ec ./objs/c_stm32f4xx_dac.o
 .debug_frame   0x000011f8      0x224 ./objs/c_stm32f4xx_dma.o
 .debug_frame   0x0000141c       0xec ./objs/c_stm32f4xx_exti.o
 .debug_frame   0x00001508      0x360 ./objs/c_stm32f4xx_flash.o
 .debug_frame   0x00001868      0x19c ./objs/c_stm32f4xx_gpio.o
 .debug_frame   0x00001a04      0x3b4 ./objs/c_stm32f4xx_i2c.o
 .debug_frame   0x00001db8      0x4d8 ./objs/c_stm32f4xx_rcc.o
 .debug_frame   0x00002290      0x2d0 ./objs/c_stm32f4xx_spi.o
 .debug_frame   0x00002560      0xa3c ./objs/c_stm32f4xx_tim.o

.bss            0x20000098       0x9c load address 0x080fec18
 COMMON         0x20000098       0x10 ./objs/c_Main.o
                0x20000098                RCC_Clocks
 COMMON         0x200000a8        0xa ./objs/c_waveplayer.o
                0x200000a8                WaveCounter
                0x200000ac                Buffer
 *fill*         0x200000b2        0x2 00
 COMMON         0x200000b4        0x4 ./objs/c_stm32f4_discovery.o
                0x200000b4                NVIC_InitStructure
 COMMON         0x200000b8       0x7c ./objs/c_stm32f4_discovery_audio_codec.o
                0x200000b8                CurrentPos
                0x200000bc                AUDIO_MAL_DMA_InitStructure
                0x200000f8                DMA_InitStructure
